Renesas Optimizing Linker (V2.01.00 )             11-Sep-2015 17:06:18

*** Options ***

-subcommand=DefaultBuild\RX63T_project.clnk
-library=DefaultBuild\RX63T_project.lib
-input=DefaultBuild\dbsct.obj
-input=DefaultBuild\intprg.obj
-input=DefaultBuild\resetprg.obj
-input=DefaultBuild\main.obj
-input=DefaultBuild\sbrk.obj
-input=DefaultBuild\vecttbl.obj
-input=DefaultBuild\hwsetup.obj
-input=DefaultBuild\riic.obj
-input=DefaultBuild\uart.obj
-input=DefaultBuild\lowsrc.obj
-noprelink
-output=DefaultBuild\RX63T_project.abs
-list=DefaultBuild\RX63T_project.map
-show=total_size
-nooptimize
-start=B_1,R_1,B_2,R_2,B,R,SU,SI/00000004,PResetPRG/FFF80000,C_1,C_2,C,C$DSEC,C$BSEC,C$INIT,C$VTBL,C$VECT,D_1,D_2,D,P,PIntPRG,W_1,W_2,W,L/FFF81000,FIXEDVECT/0FFFFFFD0
-rom=D=R,D_1=R_1,D_2=R_2
-nologo
-end

*** Error information ***

*** Mapping List ***

SECTION                            START      END         SIZE   ALIGN

B_1
                                  00000004  00000009         6   1
R_1
                                  0000000a  0000005a        51   1
B_2
                                  0000005b  0000005b         0   1
R_2
                                  0000005b  0000005b         0   1
B
                                  0000005c  0000048b       430   4
R
                                  0000048c  000006e7       25c   4
SU
                                  000006e8  000007e7       100   4
SI
                                  000007e8  00000ae7       300   4
PResetPRG
                                  fff80000  fff8003c        3d   1
C_1
                                  fff81000  fff810d1        d2   1
C_2
                                  fff810d2  fff812d3       202   2
C
                                  fff812d4  fff81397        c4   4
C$DSEC
                                  fff81398  fff813bb        24   4
C$BSEC
                                  fff813bc  fff813d3        18   4
C$INIT
                                  fff813d4  fff813d4         0   1
C$VTBL
                                  fff813d4  fff813d4         0   1
C$VECT
                                  fff813d4  fff817d3       400   4
D_1
                                  fff817d4  fff81824        51   1
D_2
                                  fff81825  fff81825         0   1
D
                                  fff81828  fff81a83       25c   4
P
                                  fff81a84  fff84915      2e92   1
PIntPRG
                                  fff84916  fff84a9a       185   1
W_1
                                  fff84a9b  fff84a9b         0   1
W_2
                                  fff84a9b  fff84a9b         0   1
W
                                  fff84a9b  fff84a9b         0   1
L
                                  fff84a9c  fff84b8c        f1   4
$ADDR_C_FFFFFF80
                                  ffffff80  ffffff83         4   1
$ADDR_C_FFFFFFA0
                                  ffffffa0  ffffffaf        10   1
FIXEDVECT
                                  ffffffd0  ffffffff        30   4

*** Total Section Size ***

RAMDATA SECTION:  00000ae3 Byte(s)
ROMDATA SECTION:  00000bb6 Byte(s)
PROGRAM SECTION:  00003054 Byte(s)
